// Jest Snapshot v1, https://goo.gl/fbAQLP

exports[`App renders correctly 1`] = `
<div>
  <MyButton
    state={false}
  />
  <InputForm
    inputValue={1}
  />
</div>
`;
